{
    "wallTime": 90,
    "cpuTime": 38,
    "truncated": false,
    "executionModel": "stateless",
    "outcome": "ok",
    "scriptVersion": {
        "id": "e9a29bf4-7e66-431b-9325-a638d31c0e3b"
    },
    "scriptName": "site-enoch",
    "diagnosticsChannelEvents": [],
    "exceptions": [],
    "logs": [
        {
            "message": [
                "Error: Connection terminated unexpectedly"
            ],
            "level": "error",
            "timestamp": 1777257036080
        },
        {
            "message": [
                "Error: Connection terminated unexpectedly"
            ],
            "level": "error",
            "timestamp": 1777257036095
        }
    ],
    "eventTimestamp": 1777257036051,
    "event": {
        "request": {
            "url": "https://site-enoch.arkersoft.workers.dev/",
            "method": "GET",
            "headers": {
                "accept-encoding": "gzip, br",
                "cf-connecting-ip": "2a09:bac5:dcc:274b::3ea:13",
                "cf-ipcountry": "BR",
                "cf-ray": "9f2a67fb4a962d34",
                "cf-visitor": "{\"scheme\":\"https\"}",
                "connection": "Keep-Alive",
                "host": "site-enoch.arkersoft.workers.dev",
                "user-agent": "Mozilla/5.0 (Windows NT; Windows NT 10.0; pt-BR) WindowsPowerShell/5.1.26100.8115",
                "x-forwarded-proto": "https",
                "x-real-ip": "2a09:bac5:dcc:274b::3ea:13"
            },
            "cf": {
                "httpProtocol": "HTTP/1.1",
                "requestPriority": "",
                "edgeRequestKeepAliveStatus": 1,
                "requestHeaderNames": {},
                "clientTcpRtt": 0,
                "clientQuicRtt": 0,
                "colo": "GRU",
                "asn": 13335,
                "asOrganization": "Cloudflare London, LLC",
                "country": "BR",
                "isEUCountry": false,
                "city": "São Paulo",
                "continent": "SA",
                "region": "São Paulo",
                "regionCode": "SP",
                "timezone": "America/Sao_Paulo",
                "longitude": "-46.63611",
                "latitude": "-23.5475",
                "postalCode": "01000-000",
                "tlsVersion": "TLSv1.3",
                "tlsCipher": "AEAD-AES256-GCM-SHA384",
                "tlsClientRandom": "cLZQj4CwChzEvN+DC+55zQpeFiE7JLXwjXNfwBjMqIs=",
                "tlsClientCiphersSha1": "kTkJ+HAwBvIuoPFncb1wEDLcgfg=",
                "tlsClientExtensionsSha1": "Bxwn0Bs0z+5dY69ZcqleTRGmlpE=",
                "tlsClientExtensionsSha1Le": "sb2ftGg4/laBHA9Q/MJ4X/0+cJY=",
                "tlsExportedAuthenticator": {
                    "clientHandshake": "0c14ef2343a69c781d737b7df05157ca52c68ce74e85ad82558421a9d8d3339ccbb15d7762a13abf7a7d03708f7af9ca",
                    "serverHandshake": "806211e3c2121432a6b8bb3ab45bcad008df3f44d68ee10dcc283de9bf8b3b551c1235b5eeaad7a4563af91e67ef8020",
                    "clientFinished": "104caab9de4045dadedca75151cd516d9abd166bc6273641ec34aa602c50b712ab910a9351d75852a770d3cdf56487f8",
                    "serverFinished": "476e39e8fed4774a8e9a681cb5a9a06c8848679d60fc7228eeffc151687ebf3fbd5ac80152d1ea62d533fb3044bfa7a6"
                },
                "tlsClientHelloLength": "450",
                "tlsClientAuth": {
                    "certPresented": "0",
                    "certVerified": "NONE",
                    "certRevoked": "0",
                    "certIssuerDN": "",
                    "certSubjectDN": "",
                    "certIssuerDNRFC2253": "",
                    "certSubjectDNRFC2253": "",
                    "certIssuerDNLegacy": "",
                    "certSubjectDNLegacy": "",
                    "certSerial": "",
                    "certIssuerSerial": "",
                    "certSKI": "",
                    "certIssuerSKI": "",
                    "certFingerprintSHA1": "",
                    "certFingerprintSHA256": "",
                    "certNotBefore": "",
                    "certNotAfter": "",
                    "certRFC9440": "",
                    "certRFC9440TooLarge": false,
                    "certChainRFC9440": "",
                    "certChainRFC9440TooLarge": false
                },
                "verifiedBotCategory": "",
                "edgeL4": {
                    "deliveryRate": 0
                }
            }
        },
        "response": {
            "status": 500
        }
    }
}
